15:26:40 **** Incremental Build of configuration Debug for project Toggling_Led ****
make -j20 all 
arm-none-eabi-gcc "../Core/Src/main.c" -mcpu=cortex-m4 -std=gnu11 -g3 -DDEBUG -DUSE_HAL_DRIVER -DSTM32F411xE -c -I../Core/Inc -I../Drivers/STM32F4xx_HAL_Driver/Inc -I../Drivers/STM32F4xx_HAL_Driver/Inc/Legacy -I../Drivers/CMSIS/Device/ST/STM32F4xx/Include -I../Drivers/CMSIS/Include -O0 -ffunction-sections -fdata-sections -Wall -fstack-usage -fcyclomatic-complexity -MMD -MP -MF"Core/Src/main.d" -MT"Core/Src/main.o" --specs=nano.specs -mfpu=fpv4-sp-d16 -mfloat-abi=hard -mthumb -o "Core/Src/main.o"
arm-none-eabi-gcc -o "Toggling_Led.elf" @"objects.list"   -mcpu=cortex-m4 -T"D:\stm\BlackPill_Projects\Toggling_Led\STM32F411CEUX_FLASH.ld" --specs=nosys.specs -Wl,-Map="Toggling_Led.map" -Wl,--gc-sections -static --specs=nano.specs -mfpu=fpv4-sp-d16 -mfloat-abi=hard -mthumb -Wl,--start-group -lc -lm -Wl,--end-group
Finished building target: Toggling_Led.elf
 
arm-none-eabi-size  Toggling_Led.elf 
arm-none-eabi-objdump -h -S Toggling_Led.elf  > "Toggling_Led.list"
   text	   data	    bss	    dec	    hex	filename
   5992	     12	   1572	   7576	   1d98	Toggling_Led.elf
Finished building: default.size.stdout
 
Finished building: Toggling_Led.list
 

15:26:41 Build Finished. 0 errors, 0 warnings. (took 439ms)

